▿ State: CameraState.centered(onCoordinate: CLLocationCoordinate2D(latitude: 12.3, longitude: 23.4), zoom: 5.0, pitch: 12.0, pitchRange: free, direction: 23.0) last: nil
  ▿ state: CameraState
    ▿ centered: (5 elements)
      ▿ onCoordinate: CLLocationCoordinate2D
        - latitude: 12.3
        - longitude: 23.4
      - zoom: 5.0
      - pitch: 12.0
      - pitchRange: CameraPitchRange.free
      - direction: 23.0
  - lastReasonForChange: Optional<CameraChangeReason>.none
