▿ State: CameraState.trackingUserLocationWithCourse(zoom: (18.0, 0.0, MapLibreSwiftUI.CameraPitchRange.freeWithinRange(minimum: 12.0, maximum: 34.0))) last: programmatic
  ▿ state: CameraState
    ▿ trackingUserLocationWithCourse: (3 elements)
      - zoom: 18.0
      - pitch: 0.0
      ▿ pitchRange: CameraPitchRange
        ▿ freeWithinRange: (2 elements)
          - minimum: 12.0
          - maximum: 34.0
  ▿ lastReasonForChange: Optional<CameraChangeReason>
    - some: CameraChangeReason.programmatic
